[    0.000000] Initializing cgroup subsys cpuset
[    0.000000] Initializing cgroup subsys cpu
[    0.000000] Initializing cgroup subsys cpuacct
    0.000000] Linux version 4.4.0-130-generic (buildd@lgw01-amd64-039) (gcc version 5.4.0 20160609 (Ubuntu 5.4.0-6ubuntu1~16.04.9) ) #156-Ubuntu SMP Thu Jun 14 08:53:28 UTC 2018 (Ubuntu 4.4.0-130.156-generic 4.4.134)
[    0.000000] Command line: BOOT_IMAGE=/boot/vmlinuz-4.4.0-130-generic root=UUID=84e91f24-0077-40f3-aab8-b49b8e1f4506 ro console=tty1 console=ttyS0
[    0.000000] KERNEL supported cpus:
[    0.000000]   Intel GenuineIntel
[    0.000000]   AMD AuthenticAMD
[    0.000000]   Centaur CentaurHauls
[    0.000000] x86/fpu: xstate_offset[2]:  576, xstate_sizes[2]:  256
[    0.000000] x86/fpu: Supporting XSAAVE feature 0x01: 'x87 floating point registers'
[    0.000000] x86/fpu: Supporting XSAVE feature 0x02: 'SSE registers'
[    0.000000] x86/fpu: Supporting XSAVE feature 0x04: 'AVX registers'
[    0.000000] x86/fpu: Enabled xstate features 0x7, context size is 832 bytes, using 'standard' format.
[    0.000000] x86/fpu: Using 'eager' FPU context switches.
[    0.000000] e820: BIOS-provided physical RAM map:
[    0.000000] BIOS-e820: [mem 0x0000000000000000-0x000000000009fbff] usable
[    0.000000] BIOS-e820: [mem 0x000000000009fc00-0x000000000009ffff] reserved
[    0.000000] BIOS-e820: [mem 0x00000000000f0000-0x00000000000fffff] reserved
[    0.000000] BIOS-e820: [mem 0x0000000000100000-0x000000003ffeffff] usable
[    0.000000] BIOS-e820: [mem 0x000000003fff0000-0x000000003fffffff] ACPI data
[    0.000000] BIOS-e820: [mem 0x00000000fec00000-0x00000000fec00fff] reserved
[    0.000000] BIOS-e820: [mem 0x00000000fee00000-0x00000000fee00fff] reserved
[    0.000000] BIOS-e820: [mem 0x00000000fffc0000-0x00000000ffffffff] reserved
[    0.000000] NX (Execute Disable) protection: active
[    0.000000] SMBIOS 2.5 present.
[    0.000000] Hypervisor detected: KVM
[    0.000000] Kernel/User page tables isolation: disabled
[    0.000000] e820: last_pfn = 0x3fff0 max_arch_pfn = 0x400000000
[    0.000000] MTRR: Disabled
[    0.000000] x86/PAT: MTRRs disabled, skipping PAT initialization too.
[    0.000000] CPU MTRRs all blank - virtualized system.
[    0.000000] x86/PAT: Configuration [0-7]: WB  WT  UC- UC  WB  WT  UC- UC  
[    0.000000] found SMP MP-table at [mem 0x0009fff0-0x0009ffff] mapped at [ffff88000009fff0]
[    0.000000] Scanning 1 areas for low memory corruption
[    0.000000] RAMDISK: [mem 0x361ee000-0x370eefff]
[    0.000000] ACPI: Early table checksum verification disabled
[    0.000000] ACPI: RSDP 0x00000000000E0000 000024 (v02 VBOX  )
[    0.000000] ACPI: XSDT 0x000000003FFF0030 00003C (v01 VBOX   VBOXXSDT 00000001 ASL  00000061)
[    0.000000] ACPI: FACP 0x000000003FFF00F0 0000F4 (v04 VBOX   VBOXFACP 00000001 ASL  00000061)
[    0.000000] ACPI: DSDT 0x000000003FFF0470 0021FF (v02 VBOX   VBOXBIOS 00000002 INTL 20100528)
[    0.000000] ACPI: FACS 0x000000003FFF0200 000040
[    0.000000] ACPI: FACS 0x000000003FFF0200 000040
[    0.000000] ACPI: APIC 0x000000003FFF0240 00005C (v02 VBOX   VBOXAPIC 00000001 ASL  00000061)
[    0.000000] ACPI: SSDT 0x000000003FFF02A0 0001CC (v01 VBOX   VBOXCPUT 00000002 INTL 20100528)
[    0.000000] No NUMA configuration found
[    0.000000] Faking a node at [mem 0x0000000000000000-0x000000003ffeffff]
[    0.000000] NODE_DATA(0) allocated [mem 0x3ffeb000-0x3ffeffff]
[    0.000000] kvm-clock: Using msrs 4b564d01 and 4b564d00
[    0.000000] kvm-clock: cpu 0, msr 0:3ffe3001, primary cpu clock
[    0.000000] kvm-clock: using sched offset of 9564763901 cycles
[    0.000000] clocksource: kvm-clock: mask: 0xffffffffffffffff max_cycles: 0x1cd42e4dffb, max_idle_ns: 881590591483 ns
[    0.000000] Zone ranges:
[    0.000000]   DMA      [mem 0x0000000000001000-0x0000000000ffffff]
[    0.000000]   DMA32    [mem 0x0000000001000000-0x000000003ffeffff]
[    0.000000]   Normal   empty
[    0.000000]   Device   empty
[    0.000000] Movable zone start for each node
[    0.000000] Early memory node ranges
[    0.000000]   node   0: [mem 0x0000000000001000-0x000000000009efff]
[    0.000000]   node   0: [mem 0x0000000000100000-0x000000003ffeffff]
[    0.000000] Initmem setup node 0 [mem 0x0000000000001000-0x000000003ffeffff]
[    0.000000] ACPI: PM-Timer IO Port: 0x4008
[    0.000000] IOAPIC[0]: apic_id 2, version 32, address 0xfec00000, GSI 0-23
[    0.000000] ACPI: INT_SRC_OVR (bus 0 bus_irq 0 global_irq 2 dfl dfl)
[    0.000000] ACPI: INT_SRC_OVR (bus 0 bus_irq 9 global_irq 9 low level)
[    0.000000] Using ACPI (MADT) for SMP configuration information
[    0.000000] smpboot: Allowing 2 CPUs, 0 hotplug CPUs
[    0.000000] PM: Registered nosave memory: [mem 0x00000000-0x00000fff]
[    0.000000] PM: Registered nosave memory: [mem 0x0009f000-0x0009ffff]
[    0.000000] PM: Registered nosave memory: [mem 0x000a0000-0x000effff]
[    0.000000] PM: Registered nosave memory: [mem 0x000f0000-0x000fffff]
[    0.000000] e820: [mem 0x40000000-0xfebfffff] available for PCI devices
[    0.000000] Booting paravirtualized kernel on KVM
[    0.000000] clocksource: refined-jiffies: mask: 0xffffffff max_cycles: 0xffffffff, max_idle_ns: 7645519600211568 ns
[    0.000000] setup_percpu: NR_CPUS:512 nr_cpumask_bits:512 nr_cpu_ids:2 nr_node_ids:1
[    0.000000] PERCPU: Embedded 34 pages/cpu @ffff88003fc00000 s99544 r8192 d31528 u1048576
[    0.000000] PV qspinlock hash table entries: 256 (order: 0, 4096 bytes)
[    0.000000] Built 1 zonelists in Node order, mobility grouping on.  Total pages: 257912
[    0.000000] Policy zone: DMA32
[    0.000000] Kernel command line: BOOT_IMAGE=/boot/vmlinuz-4.4.0-130-generic root=UUID=84e91f24-0077-40f3-aab8-b49b8e1f4506 ro cosole=tty1 console=ttyS0
[    0.000000] PID hash table entries: 4096 (order: 3, 32768 bytes)
[    0.000000] Memory: 997152K/1048120K available (8546K kernel code, 1313K rwdata, 4000K rodata, 1516K init, 1316K bss, 50968K reserved, 0K cma-reserved)
[    0.000000] SLUB: HWalign=64, Order=0-3, MinObjects=0, CPUs=2, Nodes=1
[    0.000000] Hierarchical RCU implementation.
[    0.000000] 	Build-time adjustment of leaf fanout to 64.
[    0.000000] 	RCU restricting CPUs from NR_CPUS=512 to nr_cpu_ids=2.
[    0.000000] RCU: Adjusting geometry for rcu_fanout_leaf=64, nr_cpu_ids=2
[    0.000000] NR_IRQS:33024 nr_irqs:440 16
[    0.000000] Console: colour VGA+ 80x25
[    0.000000] console [tty1] enabled
[    0.000000] console [ttyS0] enabled
[    0.000000] tsc: Detected 2195.884 MHz processor
[    0.000000] tsc: Marking TSC unstable due to TSCs unsynchronized
[    0.004000] Calibrating delay loop (skipped) preset value.. 4391.76 BogoMIPS (lpj=8783536)
[    0.004000] pid_max: default: 32768 minimum: 301
[    0.004000] ACPI: Core revision 2015930

[    0.008425] ACPI: 2 ACPI AML tables successfully acquired and loaded
[    0.013008] Security Framework initialized
[    0.016014] Yama: becoming mindful.
[    0.020073] AppArmor: AppArmor initialized
[    0.024256] Dentry cache hash table entries: 131072 (order: 8, 1048576 bytes)
[    0.032431] Inode-cache hash table entries: 65536 (order: 7, 524288 bytes)
[    0.040178] Mount-cache hash table entries: 2048 (order: 2, 16384 bytes)
[    0.044047] Mountpoint-cache hash table entries: 2048 (order: 2, 16384 bytes)
[    0.048440] Initializing cgroup subsys io
[    0.052036] Initializing cgroup subsys memory
[    0.056036] Initializing cgroup subsys devices
[    0.060026] Initializing cgroup subsys freezer
[    0.064036] Initializing cgroup subsys net_cls
[    0.068023] Initializing cgroup subsys perf_event
[    0.072023] Initializing cgroup subsys net_prio
[    0.076054] Initializing cgroup subsys hugetlb
[    0.080033] Initializing cgroup subsys pids
[    0.084209] Disabling Indirect Branch Predictor Support
[    0.088023] CPU: Physical Processor ID: 0
[    0.090736] CPU: Processor Core ID: 0
[    0.133059] mce: CPU supports 0 MCE banks
[    0.136062] Last level iTLB entries: 4KB 512, 2MB 8, 4MB 4
[    0.140025] Last level dTLB entries: 4KB 512, 2MB 256, 4MB 128, 1GB 0
[    0.144023] Spectre V2 : LFENCE not serializing. Switching to generic retpoline
[    0.148019] Spectre V2 : Mitigation: Full generic retpoline
[    0.152015] Spectre V2 : Speculation control IBPB not-supported IBRS not-supported
[    0.156019] Spectre V2 : Filling RSB on context switch
[    0.160027] Speculative Store Bypass: Mitigation: Speculative Store Bypass disabled via prctl and seccomp
[    0.171743] Freeing SMP alternatives memory: 32K
[    0.198538] ftrace: allocating 32245 entries in 126 pages
[    0.248274] smpboot: APIC(0) Converting physical 0 to logical package 0
[    0.252041] smpboot: Max logical packages: 1
[    0.261179] x2apic enabled
[    0.264038] Switched APIC routing to physical x2apic.
[    0.277334] ..TIMER: vector=0x30 apic1=0 pin1=2 apic2=-1 pin2=-1
[    0.284000] smpboot: CPU0: AMD A8-7410 APU with AMD Radeon R5 Graphics (family: 0x16, model: 0x30, stepping: 0x1)
[    0.290695] Performance Events: Broken PMU hardware detected, using software events only.
[    0.296031] Failed to access perfctr msr (MSR c0010007 is 0)
[    0.300177] KVM setup paravirtual spinlock
[    0.308182] x86: Booting SMP configuration:
[    0.312032] .... node  #0, CPUs:      #1
[    0.004000] kvm-clock: cpu 1, msr 0:3ffe3041, secondary cpu clock
[    0.004000] mce: CPU supports 0 MCE banks
[    0.368064] x86: Booted up 1 node, 2 CPUs
[    0.372028] smpboot: Total of 2 processors activated (8783.53 BogoMIPS)
[    0.380467] devtmpfs: initialized
[    0.394206] evm: security.selinux
[    0.396021] evm: security.SMACK64
[    0.400028] evm: security.SMACK64EXEC
[    0.404021] evm: security.SMACK64TRANSMUTE
[    0.412020] evm: security.SMACK64MMAP
[    0.416025] evm: security.ima
[    0.420028] evm: security.capability
[    0.428541] clocksource: jiffies: mask: 0xffffffff max_cycles: 0xffffffff, max_idle_ns: 7645041785100000 ns
[    0.440092] futex hash table entries: 512 (order: 3, 32768 bytes)
[    0.448221] pinctrl core: initialized pinctrl subsystem
[    0.452628] RTC time: 13:59:39, date: 07/31/18
[    0.457429] NET: Registered protocol family 16
[    0.472045] cpuidle: using governor ladder
[    0.480042] cpuidle: using governor menu
[    0.484000] PCCT header not found.
[    0.488294] ACPI: bus type PCI registered
[    0.492000] acpiphp: ACPI Hot Plug PCI Controller Driver version: 0.5
[    0.500017] PCI: Using configuration type 1 for base access
[    0.504015] PCI: Using configuration type 1 for extended access
[    0.532432] ACPI: Added _OSI(Module Device)
[    0.536000] ACPI: Added _OSI(Processor Device)
[    0.540019] ACPI: Added _OSI(3.0 _SCP Extensions)
[    0.544027] ACPI: Added _OSI(Processor Aggregator Device)
[    0.557966] ACPI: Executed 1 blocks of module-level executable AML code
[    0.576744] ACPI: Interpreter enabled
[    0.580000] ACPI: (supports S0 S5)
[    0.584027] ACPI: Using IOAPIC for interrupt routing
[    0.588970] PCI: Using host bridge windows from ACPI; if necessary, use "pci=nocrs" and report a bug
[    0.620989] ACPI: PCI Root Bridge [PCI0] (domain 0000 [bus 00-ff])
[    0.624061] acpi PNP0A03:00: _OSC: OS supports [ExtendedConfig ASPM ClockPM Segments MSI]
[    0.636305] acpi PNP0A03:00: _OSC: OS now controls [PCIeHotplug PME AER PCIeCapability]
[    0.648201] PCI host bridge to bus 0000:00
[    0.652035] pci_bus 0000:00: root bus resource [io  0x0000-0x0cf7 window]
[    0.660037] pci_bus 0000:00: root bus resource [io  0x0d00-0xffff window]
[    0.664037] pci_bus 0000:00: root bus resource [mem 0x000a0000-0x000bffff window]
[    0.708039] pci_bus 0000:00: root bus resource [mem 0x40000000-0xfdffffff window]
[    0.716039] pci_bus 0000:00: root bus resource [bus 00-ff]
[    0.734724] pci 0000:00:01.1: legacy IDE quirk: reg 0x10: [io  0x01f0-0x01f7]
[    0.740035] pci 0000:00:01.1: legacy IDE quirk: reg 0x14: [io  0x03f6]
[    0.748034] pci 0000:00:01.1: legacy IDE quirk: reg 0x18: [io  0x0170-0x0177]
[    0.760034] pci 0000:00:01.1: legacy IDE quirk: reg 0x1c: [io  0x0376]
[    0.849817] pci 0000:00:07.0: quirk: [io  0x4000-0x403f] claimed by PIIX4 ACPI
[    0.852160] pci 0000:00:07.0: quirk: [io  0x4100-0x410f] claimed by PIIX4 SMB
[    0.896019] ACPI: PCI Interrupt Link [LNKA] (IRQs 5 9 10 *11)
[    0.905429] ACPI: PCI Interrupt Link [LNKB] (IRQs 5 9 *10 11)
[    0.924412] ACPI: PCI Interrupt Link [LNKC] (IRQs 5 *9 10 11)
[    0.932607] ACPI: PCI Interrupt Link [LNKD] (IRQs 5 9 10 *11)
[    0.944682] ACPI: Enabled 2 GPEs in block 00 to 07
[    0.952660] vgaarb: setting as boot device: PCI:0000:00:02.0
[    0.956000] vgaarb: device added: PCI:0000:00:02.0,decodes=io+mem,owns=io+mem,locks=none
[    0.968032] vgaarb: loaded
[    0.971509] vgaarb: bridge control possible 0000:00:02.0
[    0.980329] SCSI subsystem initialized
[    0.984351] ACPI: bus type USB registered
[    0.988216] usbcore: registered new interface driver usbfs
[    0.996139] usbcore: registered new interface driver hub
[    1.000181] usbcore: registered new device driver usb
[    1.008535] PCI: Using ACPI for IRQ routing
[    1.013682] NetLabel: Initializing
[    1.016024] NetLabel:  domain hash size = 128
[    1.020020] NetLabel:  protocols = UNLABELED CIPSOv4
[    1.024145] NetLabel:  unlabeled traffic allowed by default
[    1.028261] amd_nb: Cannot enumerate AMD northbridges
[    1.036031] clocksource: Switched to clocksource kvm-clock
[    1.091698] AppArmor: AppArmor Filesystem Enabled
[    1.095166] pnp: PnP ACPI init
[    1.095166] pnp: PnP ACPI: found 3 devices
[    1.129177] clocksource: acpi_pm: mask: 0xffffff max_cycles: 0xffffff, max_idle_ns: 2085701024 ns
[    1.132199] NET: Registered protocol family 2
[    1.141215] TCP established hash table entries: 8192 (order: 4, 65536 bytes)
[    1.146566] TCP bind hash table entries: 8192 (order: 5, 131072 bytes)
[    1.150444] TCP: Hash tables configured (established 8192 bind 8192)
[   1.150444] UDP hash table entries: 512 (order: 2, 16384 bytes)
[   1.150444] UDP-Lite hash table entries: 512 (order: 2, 16384 bytes)
[    1.150444] NET: Registered protocol family 1
[    1.150444] pci 0000:00:00.0: Limiting direct PCI/PCI transfers
[    1.150444] pci 0000:00:01.0: Activating ISA DMA hang workarounds
[    1.150444] Unpacking initramfs...

[    2.385307] Freeing initrd memory: 15364K
[    2.390361] clocksource: tsc: mask: 0xffffffffffffffff max_cycles: 0x1fa702722d8, max_idle_ns: 440795227822 ns
[    2.392290] platform rtc_cmos: registered platform RTC device (no PNP device found)
[    2.392394] Scanning for low memory corruption every 60 seconds
[    2.393587] audit: initializing netlink subsys (disabled)
[    2.393688] audit: type=2000 audit(1533045591.108:1): initialized
[    2.394708] Initialise system trusted keyring
[    2.395233] HugeTLB registered 2 MB page size, pre-allocated 0 pages
[    2.402523] zbud: loaded
[    2.403733] VFS: Disk quotas dquot_6.6.0
[    2.403866] VFS: Dquot-cache hash table entries: 512 (order 0, 4096 bytes)
[    2.405038] squashfs: version 4.0 (2009/01/31) Phillip Lougher
[    2.406068] fuse init (API version 7.23)
[    2.406640] Key type big_key registered
[    2.406708] Allocating IMA MOK and blacklist keyrings.
[    2.408480] Key type asymmetric registered
[    2.408489] Asymmetric key parser 'x509' registered
[    2.408672] Block layer SCSI generic (bsg) driver version 0.4 loaded (major 249)
[    2.408791] io scheduler noop registered
[    2.408797] io scheduler deadline registered (default)
[    2.408942] io scheduler cfq registered
[    2.409361] pci_hotplug: PCI Hot Plug PCI Core version: 0.5
[    2.409382] pciehp: PCI Express Hot Plug Controller Driver version: 0.4
[    2.409908] ACPI: AC Adapter [AC] (off-line)
[    2.410112] input: Power Button as /devices/LNXSYSTM:00/LNXPWRBN:00/input/input0
[    2.410122] ACPI: Power Button [PWRF]
[    2.410474] input: Sleep Button as /devices/LNXSYSTM:00/LNXSLPBN:00/input/input1
[    2.410481] ACPI: Sleep Button [SLPF]
[    2.411139] GHES: HEST is not enabled!
[    2.414811] ACPI: Battery Slot [BAT0] (battery present)
[    2.414998] Serial: 8250/16550 driver, 32 ports, IRQ sharing enabled
[    2.458266] 00:02: ttyS0 at I/O 0x3f8 (irq = 4, base_baud = 115200) is a 16550A
[    2.468177] Linux agpgart interface v0.103
[    2.481746] loop: module loaded
[    2.484247] scsi host0: ata_piix
[    2.484734] scsi host1: ata_piix
[    2.484880] ata1: PATA max UDMA/33 cmd 0x1f0 ctl 0x3f6 bmdma 0xd000 irq 14
[    2.484885] ata2: PATA max UDMA/33 cmd 0x170 ctl 0x376 bmdma 0xd008 irq 15
[    2.485233] libphy: Fixed MDIO Bus: probed
[    2.485241] tun: Universal TUN/TAP device driver, 1.6
[    2.485243] tun: (C) 1999-2004 Max Krasnyansky <maxk@qualcomm.com>
[    2.486664] PPP generic driver version 2.4.2
[    2.486898] ehci_hcd: USB 2.0 'Enhanced' Host Controller (EHCI) Driver
[    2.486926] ehci-pci: EHCI PCI platform driver
[    2.486992] ehci-platform: EHCI generic platform driver
[    2.487023] ohci_hcd: USB 1.1 'Open' Host Controller (OHCI) Driver
[    2.487034] ohci-pci: OHCI PCI platform driver
[    2.487068] ohci-platform: OHCI generic platform driver
[    2.487096] uhci_hcd: USB Universal Host Controller Interface driver
[    2.487403] i8042: PNP: PS/2 Controller [PNP0303:PS2K,PNP0f03:PS2M] at 0x60,0x64 irq 1,12
[    2.495541] serio: i8042 KBD port at 0x60,0x64 irq 1
[    2.495569] serio: i8042 AUX port at 0x60,0x64 irq 12
[    2.496225] mousedev: PS/2 mouse device common for all mice
[    2.497812] rtc_cmos rtc_cmos: rtc core: registered rtc_cmos as rtc0
[    2.498102] rtc_cmos rtc_cmos: alarms up to one day, 114 bytes nvram
[    2.498131] i2c /dev entries driver
[    2.498358] device-mapper: uevent: version 1.0.3
[    2.498588] device-mapper: ioctl: 4.34.0-ioctl (2015-10-28) initialised: dm-devel@redhat.com
[    2.498645] ledtrig-cpu: registered to indicate activity on CPUs
[    2.499915] NET: Registered protocol family 10
[    2.500978] NET: Registered protocol family 17
[    2.501121] Key type dns_resolver registered
[    2.502337] registered taskstats version 1
[    2.502396] Loading compiled-in X.509 certificates
[    2.505747] Loaded X.509 cert 'Build time autogenerated kernel key: b3e0fe4bcd6378c38a2c0a4648abbc1fa5043a22'
[    2.505826] zswap: loaded using pool lzo/zbud
[    2.513794] Key type trusted registered
[    2.584639] Key type encrypted registered
[    2.584666] AppArmor: AppArmor sha1 policy hashing enabled
[    2.584678] ima: No TPM chip found, activating TPM-bypass!
[    2.584717] ima: Allocated hash algorithm: sha1
[    2.584772] evm: HMAC attrs: 0x1
[    2.586353]   Magic number: 10:158:990
[    2.591500] rtc_cmos rtc_cmos: setting system clock to 2018-07-31 13:59:41 UTC (1533045581)
[    2.591883] input: AT Translated Set 2 keyboard as /devices/platform/i8042/serio0/input/input2
[    2.592626] BIOS EDD facility v0.16 2004-Jun-25, 0 devices found
[    2.592627] EDD information not available.
[    3.006358] Freeing unused kernel memory: 1516K
[    3.024605] Write protecting the kernel read-only data: 14336k
[    3.031353] Freeing unused kernel memory: 1680K
[    3.036513] Freeing unused kernel memory: 96K
Loading, please wait...
starting version 229
[    3.090502] random: systemd-udevd: uninitialized urandom read (16 bytes read, 3 bits of entropy available)
[    3.093786] random: udevadm: uninitialized urandom read (16 bytes read, 3 bits of entropy available)
[    3.093885] random: udevadm: uninitialized urandom read (16 bytes read, 3 bits of entropy available)
[    3.113679] random: systemd-udevd: uninitialized urandom read (16 bytes read, 3 bits of entropy available)
[    3.128032] random: systemd-udevd: uninitialized urandom read (16 bytes read, 3 bits of entropy available)
[    3.135654] random: systemd-udevd: uninitialized urandom read (16 bytes read, 3 bits of entropy available)
[    3.139669] random: udevadm: uninitialized urandom read (16 bytes read, 3 bits of entropy available)
[    3.139858] random: udevadm: uninitialized urandom read (16 bytes read, 3 bits of entropy available)
[    3.140669] random: udevadm: uninitialized urandom read (16 bytes read, 3 bits of entropy available)
[    3.140892] random: udevadm: uninitialized urandom read (16 bytes read, 3 bits of entropy available)
[    3.372523] Fusion MPT base driver 3.04.20
[    3.376196] Copyright (c) 1999-2008 LSI Corporation
[    3.380828] e1000: Intel(R) PRO/1000 Network Driver - version 7.3.21-k8-NAPI
[    3.394663] e1000: Copyright (c) 1999-2006 Intel Corporation.
[    3.528404] Fusion MPT SPI Host driver 3.04.20
[    3.595914] AVX version of gcm_enc/dec engaged.
[    3.606253] AES CTR mode by8 optimization enabled
[    3.694212] input: ImExPS/2 Generic Explorer Mouse as /devices/platform/i8042/serio1/input/input4
[    4.264556] e1000 0000:00:03.0 eth0: (PCI:33MHz:32-bit) 02:40:c1:fa:9b:f5
[    4.273061] e1000 0000:00:03.0 eth0: Intel(R) PRO/1000 Network Connection
[    4.285511] mptbase: ioc0: Initiating bringup
[    4.286451] e1000 0000:00:03.0 enp0s3: renamed from eth0
[    4.381123] ioc0: LSI53C1030 A0: Capabilities={Initiator}
[    4.554740] scsi host2: ioc0: LSI53C1030 A0, FwRev=00000000h, Ports=1, MaxQ=256, IRQ=20
[    4.674141] scsi 2:0:0:0: Direct-Access     VBOX     HARDDISK         1.0  PQ: 0 ANSI: 5
[    4.679536] scsi target2:0:0: Beginning Domain Validation
[    4.691116] scsi target2:0:0: Domain Validation skipping write tests
[    4.729703] scsi target2:0:0: Ending Domain Validation
[    4.733425] scsi target2:0:0: asynchronous
[    4.737936] scsi 2:0:1:0: Direct-Access     VBOX     HARDDISK         1.0  PQ: 0 ANSI: 5
[    4.743228] scsi target2:0:1: Beginning Domain Validation
[    4.750660] scsi target2:0:1: Domain Validation skipping write tests
[    4.754473] scsi target2:0:1: Ending Domain Validation
[    4.758006] scsi target2:0:1: asynchronous
[    4.778449] sd 2:0:0:0: Attached scsi generic sg0 type 0
[    4.782828] sd 2:0:1:0: Attached scsi generic sg1 type 0
[    4.784049] sd 2:0:0:0: [sda] 20971520 512-byte logical blocks: (10.7 GB/10.0 GiB)
[    4.798996] sd 2:0:1:0: [sdb] 20480 512-byte logical blocks: (10.5 MB/10.0 MiB)
[    4.804406] sd 2:0:0:0: [sda] Write Protect is off
[    4.808286] sd 2:0:0:0: [sda] Incomplete mode parameter data
[    4.808338] sd 2:0:1:0: [sdb] Write Protect is off
[    4.814888] sd 2:0:0:0: [sda] Assuming drive cache: write through
[    4.824942] sd 2:0:1:0: [sdb] Incomplete mode parameter data
[    4.828888] sd 2:0:1:0: [sdb] Assuming drive cache: write through
[    4.850916]  sda: sda1
[    4.998576] sd 2:0:0:0: [sda] Attached SCSI disk
[    4.998618] sd 2:0:1:0: [sdb] Attached SCSI disk
Begin: Loading essential drivers ... [    7.819082] md: linear personality registered for level -1
[    7.832907] md: multipath personality registered for level -4
[    7.847443] md: raid0 personality registered for level 0
[    7.862975] md: raid1 personality registered for level 1
[    7.953452] raid6: sse2x1   gen()   470 MB/s
[    8.024733] raid6: sse2x1   xor()  1309 MB/s
[    8.093132] raid6: sse2x2   gen()   908 MB/s
[    8.165927] raid6: sse2x2   xor()  1632 MB/s
[    8.240655] raid6: sse2x4   gen()  1083 MB/s
[    8.309065] raid6: sse2x4   xor()  1665 MB/s
[    8.312026] raid6: using algorithm sse2x4 gen() 1083 MB/s
[    8.330102] raid6: .... xor() 1665 MB/s, rmw enabled
[    8.334501] raid6: using ssse3x2 recovery algorithm
[    8.343612] xor: automatically using best checksumming function:
[    8.392053]    avx       :  4520.000 MB/sec
[    8.400485] async_tx: api initialized (async)
[    8.432773] md: raid6 personality registered for level 6
[    8.437675] md: raid5 personality registered for level 5
[    8.442042] md: raid4 personality registered for level 4
[    8.471434] md: raid10 personality registered for level 10
done.
Begin: Running /scripts/init-premount ... done.
Begin: Mounting root file system ... Begin: Running /scripts/local-top ... done.
Begin: Running /scripts/local-premount ... [    8.590036] Btrfs loaded
Scanning for Btrfs filesystems
done.
Warning: fsck not present, so skipping root file system
[    8.917648] EXT4-fs (sda1): INFO: recovery required on readonly filesystem
[    8.922966] EXT4-fs (sda1): write access will be enabled during recovery
[    9.428597] EXT4-fs (sda1): recovery complete
[    9.433057] EXT4-fs (sda1): mounted filesystem with ordered data mode. Opts: (null)
done.
Begin: Running /scripts/local-bottom ... done.
Begin: Running /scripts/init-bottom ... done.
[    9.701500] random: nonblocking pool is initialized
[   10.354051] systemd[1]: systemd 229 running in system mode. (+PAM +AUDIT +SELINUX +IMA +APPARMOR +SMACK +SYSVINIT +UTMP +LIBCRYPTSETUP +GCRYPT +GNUTLS +ACL +XZ -LZ4 +SECCOMP +BLKID +ELFUTILS +KMOD -IDN)
[   10.364244] systemd[1]: Detected virtualization oracle.
[   10.370340] systemd[1]: Detected architecture x86-64.

Welcome to [1mUbuntu 16.04.4 LTS[0m!

[   10.394375] systemd[1]: Set hostname to <ubuntu-xenial>.
[   11.764865] systemd[1]: Created slice User and Session Slice.
[[0;32m  OK  [0m] Created slice User and Session Slice.
[   11.764865] systemd[1]: Reached target Encrypted Volumes.
[[0;32m  OK  [0m] Reached target Encrypted Volumes.
[   11.796337] systemd[1]: Listening on Journal Socket.
[[0;32m  OK  [0m] Listening on Journal Socket.
[   11.809052] systemd[1]: Reached target User and Group Name Lookups.
[[0;32m  OK  [0m] Reached target User and Group Name Lookups.
[   11.837839] systemd[1]: Listening on LVM2 poll daemon socket.
[[0;32m  OK  [0m] Listening on LVM2 poll daemon socket.
[   11.852324] systemd[1]: Listening on LVM2 metadata daemon socket.
[[0;32m  OK  [0m] Listening on LVM2 metadata daemon socket.
[   11.868916] systemd[1]: Set up automount Arbitrary Executable File Formats File System Automount Point.
[[0;32m  OK  [0m] Set up automount Arbitrary Executab...ats File System Automount Point.
[   11.895222] systemd[1]: Listening on Device-mapper event daemon FIFOs.
[[0;32m  OK  [0m] Listening on Device-mapper event daemon FIFOs.
[   11.910806] systemd[1]: Listening on udev Kernel Socket.
[[0;32m  OK  [0m] Listening on udev Kernel Socket.
[   11.924488] systemd[1]: Listening on Journal Audit Socket.
[[0;32m  OK  [0m] Listening on Journal Audit Socket.
[   11.938968] systemd[1]: Reached target Swap.
[[0;32m  OK  [0m] Reached target Swap.
[   11.957475] systemd[1]: Listening on Syslog Socket.
[[0;32m  OK  [0m] Listening on Syslog Socket.
[   11.972965] systemd[1]: Listening on /dev/initctl Compatibility Named Pipe.
[[0;32m  OK  [0m] Listening on /dev/initctl Compatibility Named Pipe.
[   11.992496] systemd[1]: Created slice System Slice.
[[0;32m  OK  [0m] Created slice System Slice.
[   12.029092] systemd[1]: Mounting Huge Pages File System...
         Mounting Huge Pages File System...
[   12.040457] systemd[1]: Reached target Slices.
[[0;32m  OK  [0m] Reached target Slices.
[   12.070180] systemd[1]: Mounting Debug File System...
         Mounting Debug File System...
[   12.096914] systemd[1]: Starting Create list of required static device nodes for the current kernel...
         Starting Create list of required st... nodes for the current kernel...
[   12.139857] systemd[1]: Starting Remount Root and Kernel File Systems...
         Starting Remount Root and Kernel File Systems...
[   12.165895] EXT4-fs (sda1): re-mounted. Opts: (null)
[   12.167419] systemd[1]: Starting Uncomplicated firewall...
         Starting Uncomplicated firewall...
[   12.185600] systemd[1]: Listening on Journal Socket (/dev/log).
[[0;32m  OK  [0m] Listening on Journal Socket (/dev/log).
[   12.218072] systemd[1]: Starting Journal Service...
         Starting Journal Service...
[   12.272771] systemd[1]: Starting Load Kernel Modules...
         Starting Load Kernel Modules...
[   12.289211] systemd[1]: Starting Set console keymap...
         Starting Set console keymap...
[   12.301171] systemd[1]: Started Trigger resolvconf update for networkd DNS.
[[0;32m  OK  [0m] Started Trigger resolvconf update for networkd DNS.
[   12.323326] systemd[1]: Starting Nameserver information manager...
         Starting Nameserver information manager...
[   12.337515] systemd[1]: Created slice system-serial\x2dgetty.slice.
[[0;32m  OK  [0m] Created slice system-serial\x2dgetty.slice.
[   12.362816] systemd[1]: Listening on udev Control Socket.
[[0;32m  OK  [0m] Listening on udev Control Socket.
[   12.373604] systemd[1]: Reached target System Time Synchronized.
[[0;32m  OK  [0m] Reached target System Time Synchronized.
[   12.397089] systemd[1]: Mounting POSIX Message Queue File System...
         Mounting POSIX Message Queue File System...
[   12.411004] systemd[1]: Started Forward Password Requests to Wall Directory Watch.
[[0;32m  OK  [0m] Started Forward Password Requests to Wall Directory Watch.
[   12.441312] systemd[1]: Starting Monitoring of LVM2 mirrors, snapshots etc. using dmeventd or progress polling...
         Starting Monitoring of LVM2 mirrors... dmeventd or progress polling...
[   12.468966] systemd[1]: Mounted Debug File System.
[[0;32m  OK  [0m] [   12.477409] Loading iSCSI transport class v2.0-870.
Mounted Debug File System.
[   12.502244] systemd[1]: Mounted POSIX Message Queue File System.
[[0;32m  OK  [0m] Mounted POSIX Message Queue File System.
[   12.513593] systemd[1]: Mounted Huge Pages File System.
[[0;32m  OK  [0m] Mounted Huge Pages File System.
[   12.524328] systemd[1]: Started Create list of required static device nodes for the current kernel.
[[0;32m  OK  [0m] Started Create list of required sta...ce nodes for the current kernel.
[   12.567242] systemd[1]: Started Remount Root and Kernel File Systems.
[[0;32m  OK  [0m] Started Remount Root and Kernel File Systems.
[   12.624194] systemd[1]: Started Uncomplicated firewall.
[[0;32m  OK  [0m] Started Uncomplicated firewall.
[   12.646978] iscsi: registered transport (tcp)
[   12.698948] systemd[1]: Started Journal Service.
[[0;32m  OK  [0m] Started Journal Service.
[[0;32m  OK  [0m] Started Nameserver information manager.
[[0;32m  OK  [0m] Started Set console keymap.
[   12.909982] iscsi: registered transport (iser)
[[0;32m  OK  [0m] Started Load Kernel Modules.
         Starting Apply Kernel Variables...
         Mounting FUSE Control File System...
[[0;32m  OK  [0m] Started LVM2 metadata daemon.
         Starting Load/Save Random Seed...
         Starting udev Coldplug all Devices...
         Starting Flush Journal to Persistent Storage...
         Starting Create Static Device Nodes in /dev...
[[0;32m  OK  [0m] Mounted FUSE Control File System.
[[0;32m  OK  [0m] Started Apply Kernel Variables.
[[0;32m  OK  [0m] Started Load/Save Random Seed.
[[0;32m  OK  [0m] Started Flush Journal to Persistent Storage.
[[0;32m  OK  [0m] Started Monitoring of LVM2 mirrors,...ng dmeventd or progress polling.
[[0;32m  OK  [0m] Started Create Static Device Nodes in /dev.
         Starting udev Kernel Device Manager...
[[0;32m  OK  [0m] Started udev Coldplug all Devices.
[[0;32m  OK  [0m] Started udev Kernel Device Manager.
[[0;32m  OK  [0m] Started Dispatch Password Requests to Console Directory Watch.
[[0;32m  OK  [0m] Reached target Local File Systems (Pre).
[[0;32m  OK  [0m] Reached target Local File Systems.
         Starting Set console font and keymap...
         Starting Tell Plymouth To Write Out Runtime Data...
         Starting LSB: AppArmor initialization...
         Starting Initial cloud-init job (pre-networking)...
         Starting Create Volatile Files and Directories...
[[0;32m  OK  [0m] Started Tell Plymouth To Write Out Runtime Data.
[[0;32m  OK  [0m] Started Create Volatile Files and Directories.
         Starting Update UTMP about System Boot/Shutdown...
[[0;32m  OK  [0m] Started Update UTMP about System Boot/Shutdown.
[[0;32m  OK  [0m] Found device /dev/ttyS0.
[[0;32m  OK  [0m] Found device 82540EM Gigabit Ethern...r (PRO/1000 MT Desktop Adapter).
[[0;32m  OK  [0m] Listening on Load/Save RF Kill Switch Status /dev/rfkill Watch.
[[0;32m  OK  [0m] Started LSB: AppArmor initialization.
[[0;32m  OK  [0m] Started Set console font and keymap.
[[0;32m  OK  [0m] Created slice system-getty.slice.
[   22.227506] cloud-init[487]: Cloud-init v. 18.2 running 'init-local' at Tue, 31 Jul 2018 13:59:59 +0000. Up 20.71 seconds.
[[0;32m  OK  [0m] Started Initial cloud-init job (pre-networking).
[[0;32m  OK  [0m] Reached target Network (Pre).
         Starting Raise network interfaces...
[[0;32m  OK  [0m] Started ifup for enp0s3.
[[0;32m  OK  [0m] Started Raise network interfaces.
[[0;32m  OK  [0m] Reached target Network.
         Starting Initial cloud-init job (metadata service crawler)...
[   26.463324] cloud-init[995]: Cloud-init v. 18.2 running 'init' at Tue, 31 Jul 2018 14:00:03 +0000. Up 24.43 seconds.
[   26.512285] cloud-init[995]: ci-info: +++++++++++++++++++++++++++++++++++++Net device info++++++++++++++++++++++++++++++++++++++
[   26.612990] cloud-init[995]: ci-info: +--------+------+----------------------------+---------------+-------+-------------------+
[   26.705955] [[0;32m  OK  [0m] Started Initial cloud-init job (metadata service crawler).
cloud-init[995]: ci-info: | Device |  Up  |          Address           |      Mask     | Scope |     Hw-Address    |
[[0;32m  OK  [0m] Reached target Cloud-config availability.
[   26.716376] [[0;32m  OK  [0m] Reached target System Initialization.
         Starting LXD - unix socket.
cloud-init[995]: ci-info: +--------+------+----------------------------+---------------+-------+-------------------+
[[0;32m  OK  [0m] Listening on D-Bus System Message Bus Socket.
[   26.728402] cloud-init[995]: ci-info: | enp0s3 | True |         10.0.2.15          | 255.255.255.0 |   .   | 02:40:c1:fa:9b:f5 |
[   26.810149] cloud-init[995]: ci-info: | enp0s3 | True | fe80::40:c1ff:fefa:9bf5/64 |       .       |  link | 02:40:c1:fa:9b:f5 |
[   26.817925] cloud-init[[0;32m  OK  [0m] Started Daily apt download activities.
[[0;32m  OK  [0m] Started Daily Cleanup of Temporary Directories.
[995]: ci-info: |   lo   | True |         127.0.0.1          |   255.0.0.0   |   .   |         .         |
[   26.830212]          Starting Socket activation for snappy daemon.
[[0;32m  OK  [0m] Listening on ACPID Listen Socket.
cloud-init[995]: ci-info: |   lo   | True |          ::1/128           |       .       |  host |         .         |
[   26.841356] [[0;32m  OK  [0m] Listening on UUID daemon activation socket.
cloud-init[995]: ci-info: +--------+------+----------------------------+---------------+-------+-------------------+
[   26.854023] [[0;32m  OK  [0m] Started ACPI Events Check.
[[0;32m  OK  [0m] Reached target Paths.
[[0;32m  OK  [0m] Started Daily apt upgrade and clean activities.
[[0;32m  OK  [0m] Reached target Timers.
[[0;32m  OK  [0m] Reached target Network is Online.
cloud-init[995]: ci-info: +++++++++++++++++++++++++++Route IPv4 info++++++++++++++++++++++++++++
[   26.872779] cloud-init[995]: ci-info: +-------+-------------+----------+---------------+-----------+-------+
[   26.880168] cloud-init[995]: ci-info: | Route | Destination | Gateway  |    Genmask    | Interface | Flags |         Starting iSCSI initiator daemon (iscsid)...

[   26.889026] [[0;32m  OK  [0m] Listening on LXD - unix socket.
[[0;32m  OK  [0m] Listening on Socket activation for snappy daemon.
cloud-init[995]: ci-info: +-------+-------------+----------+---------------+-----------+-------+
[   26.941539] cloud-init[995]: ci-info: |   0   |   0.0.0.0   | 10.0.2.2 |    0.0.0.0    |   enp0s3  |   UG  |
[   26.942439] cloud-init[995]: ci-info: |   1   |   10.0.2.0  | 0.0.0.0  | 255.255.255.0 |   enp0s3  |   U   |
[   26.942915] cloud-init[995]: ci-info: +-------+-------------+----------+---------------+-----------+-------+
[[0;32m  OK  [0m] Reached target Sockets.
[[0;32m  OK  [0m] Reached target Basic System.
         Starting LXD - container startup/shutdown...
[[0;32m  OK  [0m] Started Unattended Upgrades Shutdown.
[[0;32m  OK  [0m] Started Deferred execution scheduler.
         Starting LSB: MD monitoring daemon...
         Starting /etc/rc.local Compatibility...
         Starting Accounts Service...
[[0;32m  OK  [0m] Started FUSE filesystem for LXC.
         Starting Apply the settings specified in cloud-config...
[[0;32m  OK  [0m] Started Regular background program processing daemon.
         Starting LSB: Record successful boot for GRUB...
[[0;32m  OK  [0m] Started D-Bus System Message Bus.
         Starting Login Service...
         Starting System Logging Service...
         Starting Virtualbox guest utils...
[[0;32m  OK  [0m] Started ACPI event daemon.
         Starting OpenBSD Secure Shell server...
         Starting Snappy daemon...
[[0;32m  OK  [0m] Started /etc/rc.local Compatibility.
[[0;32m  OK  [0m] Started Login Service.
         Starting Authenticate and Authorize Users to Run Privileged Tasks...
[[0;32m  OK  [0m] Started iSCSI initiator daemon (iscsid).
         Starting Login to default iSCSI targets...
[[0;32m  OK  [0m] Started LSB: Record successful boot for GRUB.
[[0;32m  OK  [0m] Started LSB: MD monitoring daemon.
[[0;32m  OK  [0m] Started System Logging Service.
[[0;32m  OK  [0m] Started Login to default iSCSI targets.
[[0;32m  OK  [0m] Reached target Remote File Systems (Pre).
[[0;32m  OK  [0m] Reached target Remote File Systems.
         Starting Permit User Sessions...
         Starting LSB: automatic crash report generation...
         Starting LSB: Set the CPU Frequency Scaling governor to "ondemand"...
         Starting LSB: daemon to balance interrupts for SMP systems...
[[0;32m  OK  [0m] Started LSB: Set the CPU Frequency Scaling governor to "ondemand".
[[0;32m  OK  [0m] Started Permit User Sessions.
         Starting Terminate Plymouth Boot Screen...
         Starting Hold until boot process finishes up...
[[0;32m  OK  [0m] Started Terminate Plymouth Boot Screen.
[[0;32m  OK  [0m] Started Hold until boot process finishes up.
[[0;32m  OK  [0m] Started Getty on tty1.
[[0;32m  OK  [0m] Started Serial Getty on ttyS0.
[[0;32m  OK  [0m] Reached target Login Prompts.
         Starting Set console scheme...
[[0;32m  OK  [0m] Started Authenticate and Authorize Users to Run Privileged Tasks.
[[0;32m  OK  [0m] Started Accounts Service.
[[0;32m  OK  [0m] Started Set console scheme.
[[0;32m  OK  [0m] Started LSB: daemon to balance interrupts for SMP systems.
[   38.967557] cloud-init[1068]: Cloud-init v. 18.2 running 'modules:config' at Tue, 31 Jul 2018 14:00:07 +0000. Up 28.47 seconds.
[[0;32m  OK  [0m] Started LSB: automatic crash report generation.

Ubuntu 16.04.4 LTS ubuntu-xenial ttyS0

ubuntu-xenial login: [   43.572093] cloud-init[1253]: Cloud-init v. 18.2 running 'modules:final' at Tue, 31 Jul 2018 14:00:21 +0000. Up 42.63 seconds.
[   43.573252] cloud-init[1253]: Cloud-init v. 18.2 finished at Tue, 31 Jul 2018 14:00:22 +0000. Datasource DataSourceNoCloud [seed=/dev/sdb][dsmode=net].  Up 43.51 seconds
